   Compiling proc-macro2 v1.0.103
   Compiling unicode-ident v1.0.22
   Compiling quote v1.0.42
   Compiling serde_core v1.0.228
   Compiling crossbeam-utils v0.8.21
   Compiling zerocopy v0.8.31
   Compiling autocfg v1.5.0
   Compiling serde v1.0.228
   Compiling cfg-if v1.0.4
   Compiling serde_json v1.0.145
   Compiling rayon-core v1.13.0
   Compiling libc v0.2.178
   Compiling either v1.15.0
   Compiling ryu v1.0.20
   Compiling anstyle v1.0.13
   Compiling regex-syntax v0.8.8
   Compiling memchr v2.7.6
   Compiling num-traits v0.2.19
   Compiling ciborium-io v0.2.2
   Compiling itoa v1.0.15
   Compiling clap_lex v0.7.6
   Compiling plotters-backend v0.3.7
   Compiling itertools v0.10.5
   Compiling cast v0.3.0
   Compiling crossbeam-epoch v0.9.18
   Compiling plotters-svg v0.3.7
   Compiling clap_builder v4.5.53
   Compiling same-file v1.0.6
   Compiling once_cell v1.21.3
   Compiling crossbeam-deque v0.8.6
   Compiling walkdir v2.5.0
   Compiling oorandom v11.1.5
   Compiling syn v2.0.111
   Compiling is-terminal v0.4.17
   Compiling anes v0.1.6
   Compiling broken-app v0.1.0 (/Users/user/projects/lern_rust/sprint-5/broken-app-old)
warning[E0133]: dereference of raw pointer is unsafe and requires unsafe block
  --> src/lib.rs:60:15
   |
60 |     let val = *raw;
   |               ^^^^ dereference of raw pointer
   |
   = note: raw pointers may be null, dangling or unaligned; they can violate aliasing rules and cause data races: all of these are undefined behavior
note: an unsafe function restricts its caller, but its body is safe by default
  --> src/lib.rs:57:1
   |
57 | pub unsafe fn use_after_free() -> i32 {
   | ^^^^^^^^^^^^^^^^^^^^^^^^^^^^^^^^^^^^^
   = note: for more information, see <https://doc.rust-lang.org/edition-guide/rust-2024/unsafe-op-in-unsafe-fn.html>
   = note: `#[warn(unsafe_op_in_unsafe_fn)]` (part of `#[warn(rust_2024_compatibility)]`) on by default

warning[E0133]: call to unsafe function `std::boxed::Box::<T>::from_raw` is unsafe and requires unsafe block
  --> src/lib.rs:61:10
   |
61 |     drop(Box::from_raw(raw));
   |          ^^^^^^^^^^^^^^^^^^ call to unsafe function
   |
   = note: consult the function's documentation for information on how to avoid undefined behavior
   = note: for more information, see <https://doc.rust-lang.org/edition-guide/rust-2024/unsafe-op-in-unsafe-fn.html>

warning[E0133]: dereference of raw pointer is unsafe and requires unsafe block
  --> src/lib.rs:62:11
   |
62 |     val + *raw
   |           ^^^^ dereference of raw pointer
   |
   = note: raw pointers may be null, dangling or unaligned; they can violate aliasing rules and cause data races: all of these are undefined behavior
   = note: for more information, see <https://doc.rust-lang.org/edition-guide/rust-2024/unsafe-op-in-unsafe-fn.html>

   Compiling regex-automata v0.4.13
   Compiling plotters v0.3.7
   Compiling rayon v1.11.0
For more information about this error, try `rustc --explain E0133`.
warning: `broken-app` (lib) generated 3 warnings (run `cargo fix --lib -p broken-app` to apply 1 suggestion)
   Compiling criterion-plot v0.5.0
   Compiling clap v4.5.53
   Compiling regex v1.12.2
   Compiling zerocopy-derive v0.8.31
   Compiling serde_derive v1.0.228
   Compiling half v2.7.1
   Compiling tinytemplate v1.2.1
   Compiling ciborium-ll v0.2.2
   Compiling ciborium v0.2.2
   Compiling criterion v0.5.1
warning: `broken-app` (lib test) generated 3 warnings (3 duplicates)
    Finished `test` profile [unoptimized + debuginfo] target(s) in 6.01s
     Running unittests src/lib.rs (/var/folders/jv/rvc5rdwn51350rch7q19r8sw0000gn/T/cursor-sandbox-cache/90804ff7744f2372c8aa08f12a8cebb7/cargo-target/debug/deps/broken_app-9c750d5fbb8a60ff)

running 0 tests

test result: ok. 0 passed; 0 failed; 0 ignored; 0 measured; 0 filtered out; finished in 0.00s

     Running unittests src/bin/demo.rs (/var/folders/jv/rvc5rdwn51350rch7q19r8sw0000gn/T/cursor-sandbox-cache/90804ff7744f2372c8aa08f12a8cebb7/cargo-target/debug/deps/demo-3d010f9f4c9300a4)

running 0 tests

test result: ok. 0 passed; 0 failed; 0 ignored; 0 measured; 0 filtered out; finished in 0.00s

     Running tests/integration.rs (/var/folders/jv/rvc5rdwn51350rch7q19r8sw0000gn/T/cursor-sandbox-cache/90804ff7744f2372c8aa08f12a8cebb7/cargo-target/debug/deps/integration-2813511477a15a8b)

running 6 tests

thread 'sums_even_numbers' (13740420) panicked at src/lib.rs:11:29:
unsafe precondition(s) violated: slice::get_unchecked requires that the index is within the slice

This indicates a bug in the program. This Undefined Behavior check is optional, and cannot be relied on for safety.
note: run with `RUST_BACKTRACE=1` environment variable to display a backtrace
thread caused non-unwinding panic. aborting.
error: test failed, to rerun pass `--test integration`

Caused by:
  process didn't exit successfully: `/var/folders/jv/rvc5rdwn51350rch7q19r8sw0000gn/T/cursor-sandbox-cache/90804ff7744f2372c8aa08f12a8cebb7/cargo-target/debug/deps/integration-2813511477a15a8b` (signal: 6, SIGABRT: process abort signal)
